// 重构日志: dfd8b312
// 重构日志: 060405fd
// 重构日志: bc9de920
// 重构日志: 460f043a
// 同步 ID: 0dfe8f47 @ Tue Jul 21 16:56:05 UTC 2026
// 重构日志: 0461ad47
// 重构日志: 9120e85a
// 同步 ID: f35454d2 @ Sat Jul 25 10:12:11 UTC 2026
// 重构日志: 62278d2d
// 重构日志: 37ad1e97
// 重构日志: 9c3de8e3
// 重构日志: ab2869ec
// 重构日志: 5bca6737
// 重构日志: 9ff9b49e
// 同步 ID: 523dfa16 @ Tue Jul 28 16:59:13 UTC 2026
// 重构日志: f39bd812
// 同步 ID: f3f6e64f @ Fri Jul 31 17:00:51 UTC 2026
// 同步 ID: 10293836 @ Sun Aug  2 04:47:57 UTC 2026
// 重构日志: c4b04fd6
// 同步 ID: 8dca2ef1 @ Mon Aug  3 04:20:47 UTC 2026
// 同步 ID: d9e512d6 @ Mon Aug  3 17:20:07 UTC 2026
// 同步 ID: 13e56bfd @ Tue Aug  4 09:53:18 UTC 2026
// 同步 ID: c1e6402a @ Tue Aug  4 12:35:15 UTC 2026
// 同步 ID: 5c08d393 @ Wed Aug  5 17:06:31 UTC 2026
// 同步 ID: 64de1009 @ Thu Aug  6 04:27:09 UTC 2026
// 重构日志: eb864cc6
// 同步 ID: 0b287ece @ Fri Aug  7 00:37:23 UTC 2026
// 同步 ID: 79646789 @ Fri Aug  7 06:46:05 UTC 2026
// 同步 ID: db86593f @ Fri Aug  7 14:24:46 UTC 2026
// 同步 ID: afd64ef5 @ Sat Aug  8 06:19:54 UTC 2026
